london/london_real/Color/slice_0_1_0.png	london/london_real/Sem_seg/slice_0_1_0.png
london/london_real/Color/slice_0_1_1.png	london/london_real/Sem_seg/slice_0_1_1.png
london/london_real/Color/slice_0_1_2.png	london/london_real/Sem_seg/slice_0_1_2.png
london/london_real/Color/slice_0_1_3.png	london/london_real/Sem_seg/slice_0_1_3.png
london/london_real/Color/slice_0_2_0.png	london/london_real/Sem_seg/slice_0_2_0.png
london/london_real/Color/slice_0_2_1.png	london/london_real/Sem_seg/slice_0_2_1.png
london/london_real/Color/slice_0_2_2.png	london/london_real/Sem_seg/slice_0_2_2.png
london/london_real/Color/slice_0_2_3.png	london/london_real/Sem_seg/slice_0_2_3.png
london/london_real/Color/slice_0_2_4.png	london/london_real/Sem_seg/slice_0_2_4.png
london/london_real/Color/slice_0_14_0.png	london/london_real/Sem_seg/slice_0_14_0.png
london/london_real/Color/slice_0_14_1.png	london/london_real/Sem_seg/slice_0_14_1.png
london/london_real/Color/slice_0_15_0.png	london/london_real/Sem_seg/slice_0_15_0.png
london/london_real/Color/slice_0_15_1.png	london/london_real/Sem_seg/slice_0_15_1.png
london/london_real/Color/slice_0_15_3.png	london/london_real/Sem_seg/slice_0_15_3.png
london/london_real/Color/slice_0_15_4.png	london/london_real/Sem_seg/slice_0_15_4.png
london/london_real/Color/slice_0_16_0.png	london/london_real/Sem_seg/slice_0_16_0.png
london/london_real/Color/slice_0_16_1.png	london/london_real/Sem_seg/slice_0_16_1.png
london/london_real/Color/slice_0_16_2.png	london/london_real/Sem_seg/slice_0_16_2.png
london/london_real/Color/slice_0_16_3.png	london/london_real/Sem_seg/slice_0_16_3.png
london/london_real/Color/slice_0_17_2.png	london/london_real/Sem_seg/slice_0_17_2.png
london/london_real/Color/slice_0_17_3.png	london/london_real/Sem_seg/slice_0_17_3.png
london/london_real/Color/slice_0_17_4.png	london/london_real/Sem_seg/slice_0_17_4.png
london/london_real/Color/slice_1_0_0.png	london/london_real/Sem_seg/slice_1_0_0.png
london/london_real/Color/slice_1_0_1.png	london/london_real/Sem_seg/slice_1_0_1.png
london/london_real/Color/slice_1_0_2.png	london/london_real/Sem_seg/slice_1_0_2.png
london/london_real/Color/slice_1_0_3.png	london/london_real/Sem_seg/slice_1_0_3.png
london/london_real/Color/slice_1_0_4.png	london/london_real/Sem_seg/slice_1_0_4.png
london/london_real/Color/slice_1_1_0.png	london/london_real/Sem_seg/slice_1_1_0.png
london/london_real/Color/slice_1_1_1.png	london/london_real/Sem_seg/slice_1_1_1.png
london/london_real/Color/slice_1_1_2.png	london/london_real/Sem_seg/slice_1_1_2.png
london/london_real/Color/slice_1_1_3.png	london/london_real/Sem_seg/slice_1_1_3.png
london/london_real/Color/slice_1_2_0.png	london/london_real/Sem_seg/slice_1_2_0.png
london/london_real/Color/slice_1_2_2.png	london/london_real/Sem_seg/slice_1_2_2.png
london/london_real/Color/slice_1_2_4.png	london/london_real/Sem_seg/slice_1_2_4.png
london/london_real/Color/slice_1_3_0.png	london/london_real/Sem_seg/slice_1_3_0.png
london/london_real/Color/slice_1_3_1.png	london/london_real/Sem_seg/slice_1_3_1.png
london/london_real/Color/slice_1_3_2.png	london/london_real/Sem_seg/slice_1_3_2.png
london/london_real/Color/slice_1_3_4.png	london/london_real/Sem_seg/slice_1_3_4.png
london/london_real/Color/slice_1_7_0.png	london/london_real/Sem_seg/slice_1_7_0.png
london/london_real/Color/slice_1_7_1.png	london/london_real/Sem_seg/slice_1_7_1.png
london/london_real/Color/slice_1_7_2.png	london/london_real/Sem_seg/slice_1_7_2.png
london/london_real/Color/slice_1_7_3.png	london/london_real/Sem_seg/slice_1_7_3.png
london/london_real/Color/slice_1_7_4.png	london/london_real/Sem_seg/slice_1_7_4.png
london/london_real/Color/slice_1_14_0.png	london/london_real/Sem_seg/slice_1_14_0.png
london/london_real/Color/slice_1_14_1.png	london/london_real/Sem_seg/slice_1_14_1.png
london/london_real/Color/slice_1_14_2.png	london/london_real/Sem_seg/slice_1_14_2.png
london/london_real/Color/slice_1_14_4.png	london/london_real/Sem_seg/slice_1_14_4.png
london/london_real/Color/slice_1_15_1.png	london/london_real/Sem_seg/slice_1_15_1.png
london/london_real/Color/slice_1_15_2.png	london/london_real/Sem_seg/slice_1_15_2.png
london/london_real/Color/slice_1_15_3.png	london/london_real/Sem_seg/slice_1_15_3.png
london/london_real/Color/slice_1_15_4.png	london/london_real/Sem_seg/slice_1_15_4.png
london/london_real/Color/slice_1_16_0.png	london/london_real/Sem_seg/slice_1_16_0.png
london/london_real/Color/slice_1_16_1.png	london/london_real/Sem_seg/slice_1_16_1.png
london/london_real/Color/slice_1_16_2.png	london/london_real/Sem_seg/slice_1_16_2.png
london/london_real/Color/slice_1_16_3.png	london/london_real/Sem_seg/slice_1_16_3.png
london/london_real/Color/slice_1_16_4.png	london/london_real/Sem_seg/slice_1_16_4.png
london/london_real/Color/slice_1_17_0.png	london/london_real/Sem_seg/slice_1_17_0.png
london/london_real/Color/slice_1_17_1.png	london/london_real/Sem_seg/slice_1_17_1.png
london/london_real/Color/slice_1_17_3.png	london/london_real/Sem_seg/slice_1_17_3.png
london/london_real/Color/slice_1_17_4.png	london/london_real/Sem_seg/slice_1_17_4.png
london/london_real/Color/slice_2_0_0.png	london/london_real/Sem_seg/slice_2_0_0.png
london/london_real/Color/slice_2_0_1.png	london/london_real/Sem_seg/slice_2_0_1.png
london/london_real/Color/slice_2_0_2.png	london/london_real/Sem_seg/slice_2_0_2.png
london/london_real/Color/slice_2_0_4.png	london/london_real/Sem_seg/slice_2_0_4.png
london/london_real/Color/slice_2_1_0.png	london/london_real/Sem_seg/slice_2_1_0.png
london/london_real/Color/slice_2_1_1.png	london/london_real/Sem_seg/slice_2_1_1.png
london/london_real/Color/slice_2_1_3.png	london/london_real/Sem_seg/slice_2_1_3.png
london/london_real/Color/slice_2_1_4.png	london/london_real/Sem_seg/slice_2_1_4.png
london/london_real/Color/slice_2_2_0.png	london/london_real/Sem_seg/slice_2_2_0.png
london/london_real/Color/slice_2_2_1.png	london/london_real/Sem_seg/slice_2_2_1.png
london/london_real/Color/slice_2_2_2.png	london/london_real/Sem_seg/slice_2_2_2.png
london/london_real/Color/slice_2_2_3.png	london/london_real/Sem_seg/slice_2_2_3.png
london/london_real/Color/slice_2_2_4.png	london/london_real/Sem_seg/slice_2_2_4.png
london/london_real/Color/slice_2_3_0.png	london/london_real/Sem_seg/slice_2_3_0.png
london/london_real/Color/slice_2_3_3.png	london/london_real/Sem_seg/slice_2_3_3.png
london/london_real/Color/slice_2_3_4.png	london/london_real/Sem_seg/slice_2_3_4.png
london/london_real/Color/slice_2_4_0.png	london/london_real/Sem_seg/slice_2_4_0.png
london/london_real/Color/slice_2_4_1.png	london/london_real/Sem_seg/slice_2_4_1.png
london/london_real/Color/slice_2_4_2.png	london/london_real/Sem_seg/slice_2_4_2.png
london/london_real/Color/slice_2_4_3.png	london/london_real/Sem_seg/slice_2_4_3.png
london/london_real/Color/slice_2_4_4.png	london/london_real/Sem_seg/slice_2_4_4.png
london/london_real/Color/slice_2_5_2.png	london/london_real/Sem_seg/slice_2_5_2.png
london/london_real/Color/slice_2_5_3.png	london/london_real/Sem_seg/slice_2_5_3.png
london/london_real/Color/slice_2_5_4.png	london/london_real/Sem_seg/slice_2_5_4.png
london/london_real/Color/slice_2_6_0.png	london/london_real/Sem_seg/slice_2_6_0.png
london/london_real/Color/slice_2_6_1.png	london/london_real/Sem_seg/slice_2_6_1.png
london/london_real/Color/slice_2_6_2.png	london/london_real/Sem_seg/slice_2_6_2.png
london/london_real/Color/slice_2_6_3.png	london/london_real/Sem_seg/slice_2_6_3.png
london/london_real/Color/slice_2_7_0.png	london/london_real/Sem_seg/slice_2_7_0.png
london/london_real/Color/slice_2_7_1.png	london/london_real/Sem_seg/slice_2_7_1.png
london/london_real/Color/slice_2_7_2.png	london/london_real/Sem_seg/slice_2_7_2.png
london/london_real/Color/slice_2_7_3.png	london/london_real/Sem_seg/slice_2_7_3.png
london/london_real/Color/slice_2_7_4.png	london/london_real/Sem_seg/slice_2_7_4.png
london/london_real/Color/slice_2_8_0.png	london/london_real/Sem_seg/slice_2_8_0.png
london/london_real/Color/slice_2_8_1.png	london/london_real/Sem_seg/slice_2_8_1.png
london/london_real/Color/slice_2_8_2.png	london/london_real/Sem_seg/slice_2_8_2.png
london/london_real/Color/slice_2_8_3.png	london/london_real/Sem_seg/slice_2_8_3.png
london/london_real/Color/slice_2_8_4.png	london/london_real/Sem_seg/slice_2_8_4.png
london/london_real/Color/slice_2_9_1.png	london/london_real/Sem_seg/slice_2_9_1.png
london/london_real/Color/slice_2_9_2.png	london/london_real/Sem_seg/slice_2_9_2.png
london/london_real/Color/slice_2_9_3.png	london/london_real/Sem_seg/slice_2_9_3.png
london/london_real/Color/slice_2_9_4.png	london/london_real/Sem_seg/slice_2_9_4.png
london/london_real/Color/slice_2_10_1.png	london/london_real/Sem_seg/slice_2_10_1.png
london/london_real/Color/slice_2_11_0.png	london/london_real/Sem_seg/slice_2_11_0.png
london/london_real/Color/slice_2_11_2.png	london/london_real/Sem_seg/slice_2_11_2.png
london/london_real/Color/slice_2_11_3.png	london/london_real/Sem_seg/slice_2_11_3.png
london/london_real/Color/slice_2_11_4.png	london/london_real/Sem_seg/slice_2_11_4.png
london/london_real/Color/slice_2_12_0.png	london/london_real/Sem_seg/slice_2_12_0.png
london/london_real/Color/slice_2_12_1.png	london/london_real/Sem_seg/slice_2_12_1.png
london/london_real/Color/slice_2_12_2.png	london/london_real/Sem_seg/slice_2_12_2.png
london/london_real/Color/slice_2_12_3.png	london/london_real/Sem_seg/slice_2_12_3.png
london/london_real/Color/slice_2_12_4.png	london/london_real/Sem_seg/slice_2_12_4.png
london/london_real/Color/slice_2_13_1.png	london/london_real/Sem_seg/slice_2_13_1.png
london/london_real/Color/slice_2_13_2.png	london/london_real/Sem_seg/slice_2_13_2.png
london/london_real/Color/slice_2_13_3.png	london/london_real/Sem_seg/slice_2_13_3.png
london/london_real/Color/slice_2_13_4.png	london/london_real/Sem_seg/slice_2_13_4.png
london/london_real/Color/slice_2_14_0.png	london/london_real/Sem_seg/slice_2_14_0.png
london/london_real/Color/slice_2_14_2.png	london/london_real/Sem_seg/slice_2_14_2.png
london/london_real/Color/slice_2_14_3.png	london/london_real/Sem_seg/slice_2_14_3.png
london/london_real/Color/slice_2_14_4.png	london/london_real/Sem_seg/slice_2_14_4.png
london/london_real/Color/slice_2_15_0.png	london/london_real/Sem_seg/slice_2_15_0.png
london/london_real/Color/slice_2_15_1.png	london/london_real/Sem_seg/slice_2_15_1.png
london/london_real/Color/slice_2_15_2.png	london/london_real/Sem_seg/slice_2_15_2.png
london/london_real/Color/slice_2_15_4.png	london/london_real/Sem_seg/slice_2_15_4.png
london/london_real/Color/slice_2_16_0.png	london/london_real/Sem_seg/slice_2_16_0.png
london/london_real/Color/slice_2_16_1.png	london/london_real/Sem_seg/slice_2_16_1.png
london/london_real/Color/slice_2_16_2.png	london/london_real/Sem_seg/slice_2_16_2.png
london/london_real/Color/slice_2_16_3.png	london/london_real/Sem_seg/slice_2_16_3.png
london/london_real/Color/slice_2_17_0.png	london/london_real/Sem_seg/slice_2_17_0.png
london/london_real/Color/slice_2_17_1.png	london/london_real/Sem_seg/slice_2_17_1.png
london/london_real/Color/slice_2_17_2.png	london/london_real/Sem_seg/slice_2_17_2.png
london/london_real/Color/slice_2_17_4.png	london/london_real/Sem_seg/slice_2_17_4.png
london/london_real/Color/slice_3_0_0.png	london/london_real/Sem_seg/slice_3_0_0.png
london/london_real/Color/slice_3_0_1.png	london/london_real/Sem_seg/slice_3_0_1.png
london/london_real/Color/slice_3_0_4.png	london/london_real/Sem_seg/slice_3_0_4.png
london/london_real/Color/slice_3_1_0.png	london/london_real/Sem_seg/slice_3_1_0.png
london/london_real/Color/slice_3_1_1.png	london/london_real/Sem_seg/slice_3_1_1.png
london/london_real/Color/slice_3_1_2.png	london/london_real/Sem_seg/slice_3_1_2.png
london/london_real/Color/slice_3_1_3.png	london/london_real/Sem_seg/slice_3_1_3.png
london/london_real/Color/slice_3_2_1.png	london/london_real/Sem_seg/slice_3_2_1.png
london/london_real/Color/slice_3_2_2.png	london/london_real/Sem_seg/slice_3_2_2.png
london/london_real/Color/slice_3_2_4.png	london/london_real/Sem_seg/slice_3_2_4.png
london/london_real/Color/slice_3_3_0.png	london/london_real/Sem_seg/slice_3_3_0.png
london/london_real/Color/slice_3_3_1.png	london/london_real/Sem_seg/slice_3_3_1.png
london/london_real/Color/slice_3_3_2.png	london/london_real/Sem_seg/slice_3_3_2.png
london/london_real/Color/slice_3_3_3.png	london/london_real/Sem_seg/slice_3_3_3.png
london/london_real/Color/slice_3_3_4.png	london/london_real/Sem_seg/slice_3_3_4.png
london/london_real/Color/slice_3_4_0.png	london/london_real/Sem_seg/slice_3_4_0.png
london/london_real/Color/slice_3_4_2.png	london/london_real/Sem_seg/slice_3_4_2.png
london/london_real/Color/slice_3_4_3.png	london/london_real/Sem_seg/slice_3_4_3.png
london/london_real/Color/slice_3_6_1.png	london/london_real/Sem_seg/slice_3_6_1.png
london/london_real/Color/slice_3_6_2.png	london/london_real/Sem_seg/slice_3_6_2.png
london/london_real/Color/slice_3_6_3.png	london/london_real/Sem_seg/slice_3_6_3.png
london/london_real/Color/slice_3_6_4.png	london/london_real/Sem_seg/slice_3_6_4.png
london/london_real/Color/slice_3_7_0.png	london/london_real/Sem_seg/slice_3_7_0.png
london/london_real/Color/slice_3_7_2.png	london/london_real/Sem_seg/slice_3_7_2.png
london/london_real/Color/slice_3_7_3.png	london/london_real/Sem_seg/slice_3_7_3.png
london/london_real/Color/slice_3_8_0.png	london/london_real/Sem_seg/slice_3_8_0.png
london/london_real/Color/slice_3_8_1.png	london/london_real/Sem_seg/slice_3_8_1.png
london/london_real/Color/slice_3_8_2.png	london/london_real/Sem_seg/slice_3_8_2.png
london/london_real/Color/slice_3_8_3.png	london/london_real/Sem_seg/slice_3_8_3.png
london/london_real/Color/slice_3_8_4.png	london/london_real/Sem_seg/slice_3_8_4.png
london/london_real/Color/slice_3_9_0.png	london/london_real/Sem_seg/slice_3_9_0.png
london/london_real/Color/slice_3_9_1.png	london/london_real/Sem_seg/slice_3_9_1.png
london/london_real/Color/slice_3_9_2.png	london/london_real/Sem_seg/slice_3_9_2.png
london/london_real/Color/slice_3_9_3.png	london/london_real/Sem_seg/slice_3_9_3.png
london/london_real/Color/slice_3_9_4.png	london/london_real/Sem_seg/slice_3_9_4.png
london/london_real/Color/slice_3_10_2.png	london/london_real/Sem_seg/slice_3_10_2.png
london/london_real/Color/slice_3_10_3.png	london/london_real/Sem_seg/slice_3_10_3.png
london/london_real/Color/slice_3_10_4.png	london/london_real/Sem_seg/slice_3_10_4.png
london/london_real/Color/slice_3_11_0.png	london/london_real/Sem_seg/slice_3_11_0.png
london/london_real/Color/slice_3_11_1.png	london/london_real/Sem_seg/slice_3_11_1.png
london/london_real/Color/slice_3_11_2.png	london/london_real/Sem_seg/slice_3_11_2.png
london/london_real/Color/slice_3_11_3.png	london/london_real/Sem_seg/slice_3_11_3.png
london/london_real/Color/slice_3_11_4.png	london/london_real/Sem_seg/slice_3_11_4.png
london/london_real/Color/slice_3_12_0.png	london/london_real/Sem_seg/slice_3_12_0.png
london/london_real/Color/slice_3_12_1.png	london/london_real/Sem_seg/slice_3_12_1.png
london/london_real/Color/slice_3_12_2.png	london/london_real/Sem_seg/slice_3_12_2.png
london/london_real/Color/slice_3_12_4.png	london/london_real/Sem_seg/slice_3_12_4.png
london/london_real/Color/slice_3_13_0.png	london/london_real/Sem_seg/slice_3_13_0.png
london/london_real/Color/slice_3_13_1.png	london/london_real/Sem_seg/slice_3_13_1.png
london/london_real/Color/slice_3_13_2.png	london/london_real/Sem_seg/slice_3_13_2.png
london/london_real/Color/slice_3_13_3.png	london/london_real/Sem_seg/slice_3_13_3.png
london/london_real/Color/slice_3_13_4.png	london/london_real/Sem_seg/slice_3_13_4.png
london/london_real/Color/slice_3_14_0.png	london/london_real/Sem_seg/slice_3_14_0.png
london/london_real/Color/slice_3_14_2.png	london/london_real/Sem_seg/slice_3_14_2.png
london/london_real/Color/slice_3_14_3.png	london/london_real/Sem_seg/slice_3_14_3.png
london/london_real/Color/slice_3_14_4.png	london/london_real/Sem_seg/slice_3_14_4.png
london/london_real/Color/slice_3_15_0.png	london/london_real/Sem_seg/slice_3_15_0.png
london/london_real/Color/slice_3_15_1.png	london/london_real/Sem_seg/slice_3_15_1.png
london/london_real/Color/slice_3_15_2.png	london/london_real/Sem_seg/slice_3_15_2.png
london/london_real/Color/slice_3_15_3.png	london/london_real/Sem_seg/slice_3_15_3.png
london/london_real/Color/slice_3_15_4.png	london/london_real/Sem_seg/slice_3_15_4.png
london/london_real/Color/slice_3_16_0.png	london/london_real/Sem_seg/slice_3_16_0.png
london/london_real/Color/slice_3_16_1.png	london/london_real/Sem_seg/slice_3_16_1.png
london/london_real/Color/slice_3_16_2.png	london/london_real/Sem_seg/slice_3_16_2.png
london/london_real/Color/slice_3_16_4.png	london/london_real/Sem_seg/slice_3_16_4.png
london/london_real/Color/slice_3_17_1.png	london/london_real/Sem_seg/slice_3_17_1.png
london/london_real/Color/slice_3_17_2.png	london/london_real/Sem_seg/slice_3_17_2.png
london/london_real/Color/slice_3_17_4.png	london/london_real/Sem_seg/slice_3_17_4.png

london/london_real/Color/slice_0_1_4.png	london/london_real/Sem_seg/slice_0_1_4.png
london/london_real/Color/slice_0_14_2.png	london/london_real/Sem_seg/slice_0_14_2.png
london/london_real/Color/slice_0_14_3.png	london/london_real/Sem_seg/slice_0_14_3.png
london/london_real/Color/slice_0_14_4.png	london/london_real/Sem_seg/slice_0_14_4.png
london/london_real/Color/slice_0_15_2.png	london/london_real/Sem_seg/slice_0_15_2.png
london/london_real/Color/slice_0_16_4.png	london/london_real/Sem_seg/slice_0_16_4.png
london/london_real/Color/slice_0_17_0.png	london/london_real/Sem_seg/slice_0_17_0.png
london/london_real/Color/slice_0_17_1.png	london/london_real/Sem_seg/slice_0_17_1.png
london/london_real/Color/slice_1_1_4.png	london/london_real/Sem_seg/slice_1_1_4.png
london/london_real/Color/slice_1_2_1.png	london/london_real/Sem_seg/slice_1_2_1.png
london/london_real/Color/slice_1_2_3.png	london/london_real/Sem_seg/slice_1_2_3.png
london/london_real/Color/slice_1_3_3.png	london/london_real/Sem_seg/slice_1_3_3.png
london/london_real/Color/slice_1_14_3.png	london/london_real/Sem_seg/slice_1_14_3.png
london/london_real/Color/slice_1_15_0.png	london/london_real/Sem_seg/slice_1_15_0.png
london/london_real/Color/slice_1_17_2.png	london/london_real/Sem_seg/slice_1_17_2.png
london/london_real/Color/slice_2_0_3.png	london/london_real/Sem_seg/slice_2_0_3.png
london/london_real/Color/slice_2_1_2.png	london/london_real/Sem_seg/slice_2_1_2.png
london/london_real/Color/slice_2_3_1.png	london/london_real/Sem_seg/slice_2_3_1.png
london/london_real/Color/slice_2_3_2.png	london/london_real/Sem_seg/slice_2_3_2.png
london/london_real/Color/slice_2_5_0.png	london/london_real/Sem_seg/slice_2_5_0.png
london/london_real/Color/slice_2_5_1.png	london/london_real/Sem_seg/slice_2_5_1.png
london/london_real/Color/slice_2_6_4.png	london/london_real/Sem_seg/slice_2_6_4.png
london/london_real/Color/slice_2_9_0.png	london/london_real/Sem_seg/slice_2_9_0.png
london/london_real/Color/slice_2_10_0.png	london/london_real/Sem_seg/slice_2_10_0.png
london/london_real/Color/slice_2_10_2.png	london/london_real/Sem_seg/slice_2_10_2.png
london/london_real/Color/slice_2_10_3.png	london/london_real/Sem_seg/slice_2_10_3.png
london/london_real/Color/slice_2_10_4.png	london/london_real/Sem_seg/slice_2_10_4.png
london/london_real/Color/slice_2_11_1.png	london/london_real/Sem_seg/slice_2_11_1.png
london/london_real/Color/slice_2_13_0.png	london/london_real/Sem_seg/slice_2_13_0.png
london/london_real/Color/slice_2_14_1.png	london/london_real/Sem_seg/slice_2_14_1.png
london/london_real/Color/slice_2_15_3.png	london/london_real/Sem_seg/slice_2_15_3.png
london/london_real/Color/slice_2_16_4.png	london/london_real/Sem_seg/slice_2_16_4.png
london/london_real/Color/slice_2_17_3.png	london/london_real/Sem_seg/slice_2_17_3.png
london/london_real/Color/slice_3_0_2.png	london/london_real/Sem_seg/slice_3_0_2.png
london/london_real/Color/slice_3_0_3.png	london/london_real/Sem_seg/slice_3_0_3.png
london/london_real/Color/slice_3_1_4.png	london/london_real/Sem_seg/slice_3_1_4.png
london/london_real/Color/slice_3_2_0.png	london/london_real/Sem_seg/slice_3_2_0.png
london/london_real/Color/slice_3_2_3.png	london/london_real/Sem_seg/slice_3_2_3.png
london/london_real/Color/slice_3_4_1.png	london/london_real/Sem_seg/slice_3_4_1.png
london/london_real/Color/slice_3_4_4.png	london/london_real/Sem_seg/slice_3_4_4.png
london/london_real/Color/slice_3_6_0.png	london/london_real/Sem_seg/slice_3_6_0.png
london/london_real/Color/slice_3_7_1.png	london/london_real/Sem_seg/slice_3_7_1.png
london/london_real/Color/slice_3_7_4.png	london/london_real/Sem_seg/slice_3_7_4.png
london/london_real/Color/slice_3_10_0.png	london/london_real/Sem_seg/slice_3_10_0.png
london/london_real/Color/slice_3_10_1.png	london/london_real/Sem_seg/slice_3_10_1.png
london/london_real/Color/slice_3_12_3.png	london/london_real/Sem_seg/slice_3_12_3.png
london/london_real/Color/slice_3_14_1.png	london/london_real/Sem_seg/slice_3_14_1.png
london/london_real/Color/slice_3_16_3.png	london/london_real/Sem_seg/slice_3_16_3.png
london/london_real/Color/slice_3_17_0.png	london/london_real/Sem_seg/slice_3_17_0.png
london/london_real/Color/slice_3_17_3.png	london/london_real/Sem_seg/slice_3_17_3.png
