london/london_real/color/slice_0_1_0.png	london/london_real/sem_seg/slice_0_1_0.png
london/london_real/color/slice_0_2_0.png	london/london_real/sem_seg/slice_0_2_0.png
london/london_real/color/slice_0_15_0.png	london/london_real/sem_seg/slice_0_15_0.png
london/london_real/color/slice_0_16_0.png	london/london_real/sem_seg/slice_0_16_0.png
london/london_real/color/slice_0_17_0.png	london/london_real/sem_seg/slice_0_17_0.png
london/london_real/color/slice_1_0_0.png	london/london_real/sem_seg/slice_1_0_0.png
london/london_real/color/slice_1_1_0.png	london/london_real/sem_seg/slice_1_1_0.png
london/london_real/color/slice_1_2_0.png	london/london_real/sem_seg/slice_1_2_0.png
london/london_real/color/slice_1_3_0.png	london/london_real/sem_seg/slice_1_3_0.png
london/london_real/color/slice_1_7_0.png	london/london_real/sem_seg/slice_1_7_0.png
london/london_real/color/slice_1_14_0.png	london/london_real/sem_seg/slice_1_14_0.png
london/london_real/color/slice_1_16_0.png	london/london_real/sem_seg/slice_1_16_0.png
london/london_real/color/slice_1_17_0.png	london/london_real/sem_seg/slice_1_17_0.png
london/london_real/color/slice_2_0_0.png	london/london_real/sem_seg/slice_2_0_0.png
london/london_real/color/slice_2_1_0.png	london/london_real/sem_seg/slice_2_1_0.png
london/london_real/color/slice_2_2_0.png	london/london_real/sem_seg/slice_2_2_0.png
london/london_real/color/slice_2_5_0.png	london/london_real/sem_seg/slice_2_5_0.png
london/london_real/color/slice_2_6_0.png	london/london_real/sem_seg/slice_2_6_0.png
london/london_real/color/slice_2_7_0.png	london/london_real/sem_seg/slice_2_7_0.png
london/london_real/color/slice_2_8_0.png	london/london_real/sem_seg/slice_2_8_0.png
london/london_real/color/slice_2_9_0.png	london/london_real/sem_seg/slice_2_9_0.png
london/london_real/color/slice_2_10_0.png	london/london_real/sem_seg/slice_2_10_0.png
london/london_real/color/slice_2_11_0.png	london/london_real/sem_seg/slice_2_11_0.png
london/london_real/color/slice_2_14_0.png	london/london_real/sem_seg/slice_2_14_0.png
london/london_real/color/slice_2_15_0.png	london/london_real/sem_seg/slice_2_15_0.png
london/london_real/color/slice_2_16_0.png	london/london_real/sem_seg/slice_2_16_0.png
london/london_real/color/slice_2_17_0.png	london/london_real/sem_seg/slice_2_17_0.png
london/london_real/color/slice_3_1_0.png	london/london_real/sem_seg/slice_3_1_0.png
london/london_real/color/slice_3_2_0.png	london/london_real/sem_seg/slice_3_2_0.png
london/london_real/color/slice_3_4_0.png	london/london_real/sem_seg/slice_3_4_0.png
london/london_real/color/slice_3_6_0.png	london/london_real/sem_seg/slice_3_6_0.png
london/london_real/color/slice_3_7_0.png	london/london_real/sem_seg/slice_3_7_0.png
london/london_real/color/slice_3_8_0.png	london/london_real/sem_seg/slice_3_8_0.png
london/london_real/color/slice_3_9_0.png	london/london_real/sem_seg/slice_3_9_0.png
london/london_real/color/slice_3_10_0.png	london/london_real/sem_seg/slice_3_10_0.png
london/london_real/color/slice_3_13_0.png	london/london_real/sem_seg/slice_3_13_0.png
london/london_real/color/slice_3_14_0.png	london/london_real/sem_seg/slice_3_14_0.png
london/london_real/color/slice_3_15_0.png	london/london_real/sem_seg/slice_3_15_0.png
london/london_real/color/slice_3_17_0.png	london/london_real/sem_seg/slice_3_17_0.png
london/london_real/color/slice_4_0_0.png	london/london_real/sem_seg/slice_4_0_0.png
london/london_real/color/slice_4_1_0.png	london/london_real/sem_seg/slice_4_1_0.png
london/london_real/color/slice_4_3_0.png	london/london_real/sem_seg/slice_4_3_0.png
london/london_real/color/slice_4_4_0.png	london/london_real/sem_seg/slice_4_4_0.png
london/london_real/color/slice_4_5_0.png	london/london_real/sem_seg/slice_4_5_0.png
london/london_real/color/slice_4_6_0.png	london/london_real/sem_seg/slice_4_6_0.png
london/london_real/color/slice_4_7_0.png	london/london_real/sem_seg/slice_4_7_0.png
london/london_real/color/slice_4_8_0.png	london/london_real/sem_seg/slice_4_8_0.png
london/london_real/color/slice_4_9_0.png	london/london_real/sem_seg/slice_4_9_0.png
london/london_real/color/slice_4_10_0.png	london/london_real/sem_seg/slice_4_10_0.png
london/london_real/color/slice_4_11_0.png	london/london_real/sem_seg/slice_4_11_0.png
london/london_real/color/slice_4_13_0.png	london/london_real/sem_seg/slice_4_13_0.png
london/london_real/color/slice_4_14_0.png	london/london_real/sem_seg/slice_4_14_0.png
london/london_real/color/slice_4_15_0.png	london/london_real/sem_seg/slice_4_15_0.png
london/london_real/color/slice_4_16_0.png	london/london_real/sem_seg/slice_4_16_0.png
london/london_real/color/slice_4_17_0.png	london/london_real/sem_seg/slice_4_17_0.png
london/london_real/color/slice_5_0_0.png	london/london_real/sem_seg/slice_5_0_0.png
london/london_real/color/slice_5_1_0.png	london/london_real/sem_seg/slice_5_1_0.png
london/london_real/color/slice_5_2_0.png	london/london_real/sem_seg/slice_5_2_0.png
london/london_real/color/slice_5_3_0.png	london/london_real/sem_seg/slice_5_3_0.png
london/london_real/color/slice_5_4_0.png	london/london_real/sem_seg/slice_5_4_0.png
london/london_real/color/slice_5_5_0.png	london/london_real/sem_seg/slice_5_5_0.png
london/london_real/color/slice_5_6_0.png	london/london_real/sem_seg/slice_5_6_0.png
london/london_real/color/slice_5_7_0.png	london/london_real/sem_seg/slice_5_7_0.png
london/london_real/color/slice_5_8_0.png	london/london_real/sem_seg/slice_5_8_0.png
london/london_real/color/slice_5_10_0.png	london/london_real/sem_seg/slice_5_10_0.png
london/london_real/color/slice_5_12_0.png	london/london_real/sem_seg/slice_5_12_0.png
london/london_real/color/slice_5_13_0.png	london/london_real/sem_seg/slice_5_13_0.png
london/london_real/color/slice_5_14_0.png	london/london_real/sem_seg/slice_5_14_0.png
london/london_real/color/slice_5_16_0.png	london/london_real/sem_seg/slice_5_16_0.png
london/london_real/color/slice_5_17_0.png	london/london_real/sem_seg/slice_5_17_0.png
london/london_real/color/slice_6_0_0.png	london/london_real/sem_seg/slice_6_0_0.png
london/london_real/color/slice_6_1_0.png	london/london_real/sem_seg/slice_6_1_0.png
london/london_real/color/slice_6_2_0.png	london/london_real/sem_seg/slice_6_2_0.png
london/london_real/color/slice_6_3_0.png	london/london_real/sem_seg/slice_6_3_0.png
london/london_real/color/slice_6_4_0.png	london/london_real/sem_seg/slice_6_4_0.png
london/london_real/color/slice_6_5_0.png	london/london_real/sem_seg/slice_6_5_0.png
london/london_real/color/slice_6_6_0.png	london/london_real/sem_seg/slice_6_6_0.png
london/london_real/color/slice_6_7_0.png	london/london_real/sem_seg/slice_6_7_0.png
london/london_real/color/slice_6_8_0.png	london/london_real/sem_seg/slice_6_8_0.png
london/london_real/color/slice_6_9_0.png	london/london_real/sem_seg/slice_6_9_0.png
london/london_real/color/slice_6_10_0.png	london/london_real/sem_seg/slice_6_10_0.png
london/london_real/color/slice_6_11_0.png	london/london_real/sem_seg/slice_6_11_0.png
london/london_real/color/slice_6_12_0.png	london/london_real/sem_seg/slice_6_12_0.png
london/london_real/color/slice_6_13_0.png	london/london_real/sem_seg/slice_6_13_0.png
london/london_real/color/slice_6_14_0.png	london/london_real/sem_seg/slice_6_14_0.png
london/london_real/color/slice_6_15_0.png	london/london_real/sem_seg/slice_6_15_0.png
london/london_real/color/slice_6_16_0.png	london/london_real/sem_seg/slice_6_16_0.png
london/london_real/color/slice_6_17_0.png	london/london_real/sem_seg/slice_6_17_0.png
london/london_real/color/slice_7_0_0.png	london/london_real/sem_seg/slice_7_0_0.png
london/london_real/color/slice_7_1_0.png	london/london_real/sem_seg/slice_7_1_0.png
london/london_real/color/slice_7_2_0.png	london/london_real/sem_seg/slice_7_2_0.png
london/london_real/color/slice_7_4_0.png	london/london_real/sem_seg/slice_7_4_0.png
london/london_real/color/slice_7_6_0.png	london/london_real/sem_seg/slice_7_6_0.png
london/london_real/color/slice_7_7_0.png	london/london_real/sem_seg/slice_7_7_0.png
london/london_real/color/slice_7_8_0.png	london/london_real/sem_seg/slice_7_8_0.png
london/london_real/color/slice_7_9_0.png	london/london_real/sem_seg/slice_7_9_0.png
london/london_real/color/slice_7_11_0.png	london/london_real/sem_seg/slice_7_11_0.png
london/london_real/color/slice_7_12_0.png	london/london_real/sem_seg/slice_7_12_0.png
london/london_real/color/slice_7_13_0.png	london/london_real/sem_seg/slice_7_13_0.png
london/london_real/color/slice_7_14_0.png	london/london_real/sem_seg/slice_7_14_0.png
london/london_real/color/slice_7_15_0.png	london/london_real/sem_seg/slice_7_15_0.png
london/london_real/color/slice_7_16_0.png	london/london_real/sem_seg/slice_7_16_0.png
london/london_real/color/slice_8_1_0.png	london/london_real/sem_seg/slice_8_1_0.png
london/london_real/color/slice_8_2_0.png	london/london_real/sem_seg/slice_8_2_0.png
london/london_real/color/slice_8_3_0.png	london/london_real/sem_seg/slice_8_3_0.png
london/london_real/color/slice_8_4_0.png	london/london_real/sem_seg/slice_8_4_0.png
london/london_real/color/slice_8_5_0.png	london/london_real/sem_seg/slice_8_5_0.png
london/london_real/color/slice_8_6_0.png	london/london_real/sem_seg/slice_8_6_0.png
london/london_real/color/slice_8_7_0.png	london/london_real/sem_seg/slice_8_7_0.png
london/london_real/color/slice_8_8_0.png	london/london_real/sem_seg/slice_8_8_0.png
london/london_real/color/slice_8_9_0.png	london/london_real/sem_seg/slice_8_9_0.png
london/london_real/color/slice_8_11_0.png	london/london_real/sem_seg/slice_8_11_0.png
london/london_real/color/slice_8_12_0.png	london/london_real/sem_seg/slice_8_12_0.png
london/london_real/color/slice_8_13_0.png	london/london_real/sem_seg/slice_8_13_0.png
london/london_real/color/slice_8_14_0.png	london/london_real/sem_seg/slice_8_14_0.png
london/london_real/color/slice_8_15_0.png	london/london_real/sem_seg/slice_8_15_0.png
london/london_real/color/slice_8_16_0.png	london/london_real/sem_seg/slice_8_16_0.png
london/london_real/color/slice_8_17_0.png	london/london_real/sem_seg/slice_8_17_0.png
london/london_real/color/slice_9_0_0.png	london/london_real/sem_seg/slice_9_0_0.png
london/london_real/color/slice_9_1_0.png	london/london_real/sem_seg/slice_9_1_0.png
london/london_real/color/slice_9_2_0.png	london/london_real/sem_seg/slice_9_2_0.png
london/london_real/color/slice_9_4_0.png	london/london_real/sem_seg/slice_9_4_0.png
london/london_real/color/slice_9_5_0.png	london/london_real/sem_seg/slice_9_5_0.png
london/london_real/color/slice_9_6_0.png	london/london_real/sem_seg/slice_9_6_0.png
london/london_real/color/slice_9_7_0.png	london/london_real/sem_seg/slice_9_7_0.png
london/london_real/color/slice_9_8_0.png	london/london_real/sem_seg/slice_9_8_0.png
london/london_real/color/slice_9_9_0.png	london/london_real/sem_seg/slice_9_9_0.png
london/london_real/color/slice_9_10_0.png	london/london_real/sem_seg/slice_9_10_0.png
london/london_real/color/slice_9_12_0.png	london/london_real/sem_seg/slice_9_12_0.png
london/london_real/color/slice_9_13_0.png	london/london_real/sem_seg/slice_9_13_0.png
london/london_real/color/slice_9_14_0.png	london/london_real/sem_seg/slice_9_14_0.png
london/london_real/color/slice_9_15_0.png	london/london_real/sem_seg/slice_9_15_0.png
london/london_real/color/slice_9_16_0.png	london/london_real/sem_seg/slice_9_16_0.png
london/london_real/color/slice_9_17_0.png	london/london_real/sem_seg/slice_9_17_0.png
london/london_real/color/slice_10_1_0.png	london/london_real/sem_seg/slice_10_1_0.png
london/london_real/color/slice_10_2_0.png	london/london_real/sem_seg/slice_10_2_0.png
london/london_real/color/slice_10_3_0.png	london/london_real/sem_seg/slice_10_3_0.png
london/london_real/color/slice_10_4_0.png	london/london_real/sem_seg/slice_10_4_0.png
london/london_real/color/slice_10_5_0.png	london/london_real/sem_seg/slice_10_5_0.png
london/london_real/color/slice_10_6_0.png	london/london_real/sem_seg/slice_10_6_0.png
london/london_real/color/slice_10_8_0.png	london/london_real/sem_seg/slice_10_8_0.png
london/london_real/color/slice_10_10_0.png	london/london_real/sem_seg/slice_10_10_0.png
london/london_real/color/slice_10_11_0.png	london/london_real/sem_seg/slice_10_11_0.png
london/london_real/color/slice_10_13_0.png	london/london_real/sem_seg/slice_10_13_0.png
london/london_real/color/slice_10_14_0.png	london/london_real/sem_seg/slice_10_14_0.png
london/london_real/color/slice_10_15_0.png	london/london_real/sem_seg/slice_10_15_0.png
london/london_real/color/slice_10_16_0.png	london/london_real/sem_seg/slice_10_16_0.png
london/london_real/color/slice_10_17_0.png	london/london_real/sem_seg/slice_10_17_0.png
london/london_real/color/slice_11_0_0.png	london/london_real/sem_seg/slice_11_0_0.png
london/london_real/color/slice_11_1_0.png	london/london_real/sem_seg/slice_11_1_0.png
london/london_real/color/slice_11_2_0.png	london/london_real/sem_seg/slice_11_2_0.png
london/london_real/color/slice_11_3_0.png	london/london_real/sem_seg/slice_11_3_0.png
london/london_real/color/slice_11_4_0.png	london/london_real/sem_seg/slice_11_4_0.png
london/london_real/color/slice_11_5_0.png	london/london_real/sem_seg/slice_11_5_0.png
london/london_real/color/slice_11_6_0.png	london/london_real/sem_seg/slice_11_6_0.png
london/london_real/color/slice_11_7_0.png	london/london_real/sem_seg/slice_11_7_0.png
london/london_real/color/slice_11_8_0.png	london/london_real/sem_seg/slice_11_8_0.png
london/london_real/color/slice_11_12_0.png	london/london_real/sem_seg/slice_11_12_0.png
london/london_real/color/slice_11_13_0.png	london/london_real/sem_seg/slice_11_13_0.png
london/london_real/color/slice_11_14_0.png	london/london_real/sem_seg/slice_11_14_0.png
london/london_real/color/slice_11_15_0.png	london/london_real/sem_seg/slice_11_15_0.png
london/london_real/color/slice_11_17_0.png	london/london_real/sem_seg/slice_11_17_0.png
london/london_real/color/slice_12_0_0.png	london/london_real/sem_seg/slice_12_0_0.png
london/london_real/color/slice_12_2_0.png	london/london_real/sem_seg/slice_12_2_0.png
london/london_real/color/slice_12_3_0.png	london/london_real/sem_seg/slice_12_3_0.png
london/london_real/color/slice_12_5_0.png	london/london_real/sem_seg/slice_12_5_0.png
london/london_real/color/slice_12_6_0.png	london/london_real/sem_seg/slice_12_6_0.png
london/london_real/color/slice_12_7_0.png	london/london_real/sem_seg/slice_12_7_0.png
london/london_real/color/slice_12_9_0.png	london/london_real/sem_seg/slice_12_9_0.png
london/london_real/color/slice_12_13_0.png	london/london_real/sem_seg/slice_12_13_0.png
london/london_real/color/slice_12_15_0.png	london/london_real/sem_seg/slice_12_15_0.png
london/london_real/color/slice_12_16_0.png	london/london_real/sem_seg/slice_12_16_0.png
london/london_real/color/slice_12_17_0.png	london/london_real/sem_seg/slice_12_17_0.png
london/london_real/color/slice_13_1_0.png	london/london_real/sem_seg/slice_13_1_0.png
london/london_real/color/slice_13_2_0.png	london/london_real/sem_seg/slice_13_2_0.png
london/london_real/color/slice_13_3_0.png	london/london_real/sem_seg/slice_13_3_0.png
london/london_real/color/slice_13_6_0.png	london/london_real/sem_seg/slice_13_6_0.png
london/london_real/color/slice_13_7_0.png	london/london_real/sem_seg/slice_13_7_0.png
london/london_real/color/slice_13_8_0.png	london/london_real/sem_seg/slice_13_8_0.png
london/london_real/color/slice_13_9_0.png	london/london_real/sem_seg/slice_13_9_0.png
london/london_real/color/slice_13_10_0.png	london/london_real/sem_seg/slice_13_10_0.png
london/london_real/color/slice_13_11_0.png	london/london_real/sem_seg/slice_13_11_0.png
london/london_real/color/slice_13_12_0.png	london/london_real/sem_seg/slice_13_12_0.png
london/london_real/color/slice_13_13_0.png	london/london_real/sem_seg/slice_13_13_0.png
london/london_real/color/slice_13_14_0.png	london/london_real/sem_seg/slice_13_14_0.png
london/london_real/color/slice_13_15_0.png	london/london_real/sem_seg/slice_13_15_0.png
london/london_real/color/slice_13_16_0.png	london/london_real/sem_seg/slice_13_16_0.png
london/london_real/color/slice_13_17_0.png	london/london_real/sem_seg/slice_13_17_0.png
london/london_real/color/slice_14_0_0.png	london/london_real/sem_seg/slice_14_0_0.png
london/london_real/color/slice_14_1_0.png	london/london_real/sem_seg/slice_14_1_0.png
london/london_real/color/slice_14_2_0.png	london/london_real/sem_seg/slice_14_2_0.png
london/london_real/color/slice_14_3_0.png	london/london_real/sem_seg/slice_14_3_0.png
london/london_real/color/slice_14_5_0.png	london/london_real/sem_seg/slice_14_5_0.png
london/london_real/color/slice_14_6_0.png	london/london_real/sem_seg/slice_14_6_0.png
london/london_real/color/slice_14_7_0.png	london/london_real/sem_seg/slice_14_7_0.png
london/london_real/color/slice_14_8_0.png	london/london_real/sem_seg/slice_14_8_0.png
london/london_real/color/slice_14_9_0.png	london/london_real/sem_seg/slice_14_9_0.png
london/london_real/color/slice_14_10_0.png	london/london_real/sem_seg/slice_14_10_0.png
london/london_real/color/slice_14_11_0.png	london/london_real/sem_seg/slice_14_11_0.png
london/london_real/color/slice_14_12_0.png	london/london_real/sem_seg/slice_14_12_0.png
london/london_real/color/slice_14_13_0.png	london/london_real/sem_seg/slice_14_13_0.png
london/london_real/color/slice_14_14_0.png	london/london_real/sem_seg/slice_14_14_0.png
london/london_real/color/slice_14_16_0.png	london/london_real/sem_seg/slice_14_16_0.png
london/london_real/color/slice_14_17_0.png	london/london_real/sem_seg/slice_14_17_0.png
london/london_real/color/slice_15_5_0.png	london/london_real/sem_seg/slice_15_5_0.png
london/london_real/color/slice_15_6_0.png	london/london_real/sem_seg/slice_15_6_0.png
london/london_real/color/slice_15_7_0.png	london/london_real/sem_seg/slice_15_7_0.png
london/london_real/color/slice_15_8_0.png	london/london_real/sem_seg/slice_15_8_0.png
london/london_real/color/slice_15_10_0.png	london/london_real/sem_seg/slice_15_10_0.png
london/london_real/color/slice_15_11_0.png	london/london_real/sem_seg/slice_15_11_0.png
london/london_real/color/slice_15_12_0.png	london/london_real/sem_seg/slice_15_12_0.png
london/london_real/color/slice_15_13_0.png	london/london_real/sem_seg/slice_15_13_0.png
london/london_real/color/slice_15_14_0.png	london/london_real/sem_seg/slice_15_14_0.png
london/london_real/color/slice_15_16_0.png	london/london_real/sem_seg/slice_15_16_0.png
london/london_real/color/slice_15_17_0.png	london/london_real/sem_seg/slice_15_17_0.png
london/london_real/color/slice_16_0_0.png	london/london_real/sem_seg/slice_16_0_0.png
london/london_real/color/slice_16_1_0.png	london/london_real/sem_seg/slice_16_1_0.png
london/london_real/color/slice_16_2_0.png	london/london_real/sem_seg/slice_16_2_0.png
london/london_real/color/slice_16_3_0.png	london/london_real/sem_seg/slice_16_3_0.png
london/london_real/color/slice_16_4_0.png	london/london_real/sem_seg/slice_16_4_0.png
london/london_real/color/slice_16_5_0.png	london/london_real/sem_seg/slice_16_5_0.png
london/london_real/color/slice_16_6_0.png	london/london_real/sem_seg/slice_16_6_0.png
london/london_real/color/slice_16_7_0.png	london/london_real/sem_seg/slice_16_7_0.png
london/london_real/color/slice_16_10_0.png	london/london_real/sem_seg/slice_16_10_0.png
london/london_real/color/slice_16_11_0.png	london/london_real/sem_seg/slice_16_11_0.png
london/london_real/color/slice_16_12_0.png	london/london_real/sem_seg/slice_16_12_0.png
london/london_real/color/slice_16_13_0.png	london/london_real/sem_seg/slice_16_13_0.png
london/london_real/color/slice_16_14_0.png	london/london_real/sem_seg/slice_16_14_0.png
london/london_real/color/slice_16_15_0.png	london/london_real/sem_seg/slice_16_15_0.png
london/london_real/color/slice_16_16_0.png	london/london_real/sem_seg/slice_16_16_0.png