london/london_real/color/slice_0_14_0.png	london/london_real/sem_seg/slice_0_14_0.png
london/london_real/color/slice_1_15_0.png	london/london_real/sem_seg/slice_1_15_0.png
london/london_real/color/slice_2_3_0.png	london/london_real/sem_seg/slice_2_3_0.png
london/london_real/color/slice_2_4_0.png	london/london_real/sem_seg/slice_2_4_0.png
london/london_real/color/slice_2_12_0.png	london/london_real/sem_seg/slice_2_12_0.png
london/london_real/color/slice_2_13_0.png	london/london_real/sem_seg/slice_2_13_0.png
london/london_real/color/slice_3_0_0.png	london/london_real/sem_seg/slice_3_0_0.png
london/london_real/color/slice_3_3_0.png	london/london_real/sem_seg/slice_3_3_0.png
london/london_real/color/slice_3_11_0.png	london/london_real/sem_seg/slice_3_11_0.png
london/london_real/color/slice_3_12_0.png	london/london_real/sem_seg/slice_3_12_0.png
london/london_real/color/slice_3_16_0.png	london/london_real/sem_seg/slice_3_16_0.png
london/london_real/color/slice_4_2_0.png	london/london_real/sem_seg/slice_4_2_0.png
london/london_real/color/slice_4_12_0.png	london/london_real/sem_seg/slice_4_12_0.png
london/london_real/color/slice_5_9_0.png	london/london_real/sem_seg/slice_5_9_0.png
london/london_real/color/slice_5_11_0.png	london/london_real/sem_seg/slice_5_11_0.png
london/london_real/color/slice_5_15_0.png	london/london_real/sem_seg/slice_5_15_0.png
london/london_real/color/slice_7_3_0.png	london/london_real/sem_seg/slice_7_3_0.png
london/london_real/color/slice_7_5_0.png	london/london_real/sem_seg/slice_7_5_0.png
london/london_real/color/slice_7_10_0.png	london/london_real/sem_seg/slice_7_10_0.png
london/london_real/color/slice_7_17_0.png	london/london_real/sem_seg/slice_7_17_0.png
london/london_real/color/slice_8_0_0.png	london/london_real/sem_seg/slice_8_0_0.png
london/london_real/color/slice_8_10_0.png	london/london_real/sem_seg/slice_8_10_0.png
london/london_real/color/slice_9_3_0.png	london/london_real/sem_seg/slice_9_3_0.png
london/london_real/color/slice_9_11_0.png	london/london_real/sem_seg/slice_9_11_0.png
london/london_real/color/slice_10_0_0.png	london/london_real/sem_seg/slice_10_0_0.png
london/london_real/color/slice_10_7_0.png	london/london_real/sem_seg/slice_10_7_0.png
london/london_real/color/slice_10_9_0.png	london/london_real/sem_seg/slice_10_9_0.png
london/london_real/color/slice_10_12_0.png	london/london_real/sem_seg/slice_10_12_0.png
london/london_real/color/slice_11_9_0.png	london/london_real/sem_seg/slice_11_9_0.png
london/london_real/color/slice_11_10_0.png	london/london_real/sem_seg/slice_11_10_0.png
london/london_real/color/slice_11_11_0.png	london/london_real/sem_seg/slice_11_11_0.png
london/london_real/color/slice_11_16_0.png	london/london_real/sem_seg/slice_11_16_0.png
london/london_real/color/slice_12_1_0.png	london/london_real/sem_seg/slice_12_1_0.png
london/london_real/color/slice_12_4_0.png	london/london_real/sem_seg/slice_12_4_0.png
london/london_real/color/slice_12_8_0.png	london/london_real/sem_seg/slice_12_8_0.png
london/london_real/color/slice_12_10_0.png	london/london_real/sem_seg/slice_12_10_0.png
london/london_real/color/slice_12_11_0.png	london/london_real/sem_seg/slice_12_11_0.png
london/london_real/color/slice_12_12_0.png	london/london_real/sem_seg/slice_12_12_0.png
london/london_real/color/slice_12_14_0.png	london/london_real/sem_seg/slice_12_14_0.png
london/london_real/color/slice_13_0_0.png	london/london_real/sem_seg/slice_13_0_0.png
london/london_real/color/slice_13_4_0.png	london/london_real/sem_seg/slice_13_4_0.png
london/london_real/color/slice_13_5_0.png	london/london_real/sem_seg/slice_13_5_0.png
london/london_real/color/slice_14_4_0.png	london/london_real/sem_seg/slice_14_4_0.png
london/london_real/color/slice_14_15_0.png	london/london_real/sem_seg/slice_14_15_0.png
london/london_real/color/slice_15_0_0.png	london/london_real/sem_seg/slice_15_0_0.png
london/london_real/color/slice_15_1_0.png	london/london_real/sem_seg/slice_15_1_0.png
london/london_real/color/slice_15_2_0.png	london/london_real/sem_seg/slice_15_2_0.png
london/london_real/color/slice_15_3_0.png	london/london_real/sem_seg/slice_15_3_0.png
london/london_real/color/slice_15_4_0.png	london/london_real/sem_seg/slice_15_4_0.png
london/london_real/color/slice_15_9_0.png	london/london_real/sem_seg/slice_15_9_0.png
london/london_real/color/slice_15_15_0.png	london/london_real/sem_seg/slice_15_15_0.png
london/london_real/color/slice_16_8_0.png	london/london_real/sem_seg/slice_16_8_0.png
london/london_real/color/slice_16_9_0.png	london/london_real/sem_seg/slice_16_9_0.png
london/london_real/color/slice_16_17_0.png	london/london_real/sem_seg/slice_16_17_0.png